// Jest Snapshot v1, https://goo.gl/fbAQLP

exports[`BaseTitle.vue should match snapshot 1`] = `
<span
  class="title"
>
  My Awesome Title
</span>
`;
