// Jest Snapshot v1, https://goo.gl/fbAQLP

exports[`MfnLogo.vue should match snapshot 1`] = `
<div
  class="logo"
/>
`;
