// Jest Snapshot v1, https://goo.gl/fbAQLP

exports[`WrapperClearfix.vue should match snapshot 1`] = `
<div
  class="clearfix"
/>
`;
