// Jest Snapshot v1, https://goo.gl/fbAQLP

exports[`WrapperSection.vue should match snapshot 1`] = `
<div>
  <span
    class="title"
  >
    Section title
  </span>
   
</div>
`;
