// Jest Snapshot v1, https://goo.gl/fbAQLP

exports[`Dots.vue should match snapshot 1`] = `
<span
  class="dots"
/>
`;
