// Jest Snapshot v1, https://goo.gl/fbAQLP

exports[`ViewWithResolution.vue should match snapshot 1`] = `
<span
  class="title"
>
  
  TestView
  <span
    class="res"
  >
    = 666
  </span>
</span>
`;
