// Jest Snapshot v1, https://goo.gl/fbAQLP

exports[`FooterLinks.vue should match snapshot 1`] = `
<footer
  class="footer-links"
>
  <a
    href="#"
  >
    <fonticon-stub
      icon="info-circled"
    />
    
    Manual & Support
  
  </a>
   
  <resetbuilder-stub />
</footer>
`;
